src/utils/supabase/middleware.ts(17,16): error TS7006: Parameter 'cookiesToSet' implicitly has an 'any' type.
src/utils/supabase/middleware.ts(18,35): error TS7031: Binding element 'name' implicitly has an 'any' type.
src/utils/supabase/middleware.ts(18,41): error TS7031: Binding element 'value' implicitly has an 'any' type.
src/utils/supabase/middleware.ts(18,48): error TS7031: Binding element 'options' implicitly has an 'any' type.
src/utils/supabase/middleware.ts(22,35): error TS7031: Binding element 'name' implicitly has an 'any' type.
src/utils/supabase/middleware.ts(22,41): error TS7031: Binding element 'value' implicitly has an 'any' type.
src/utils/supabase/middleware.ts(22,48): error TS7031: Binding element 'options' implicitly has an 'any' type.
